PS C:\Users\bn897\OneDrive\デスクトップ\git_challenge> git init
Initialized empty Git repository in C:/Users/bn897/OneDrive/デスクトッ プ/git_challenge/.git/
PS C:\Users\bn897\OneDrive\デスクトップ\git_challenge> git add .
PS C:\Users\bn897\OneDrive\デスクトップ\git_challenge> git commit -m "hello_world.txtを追加"
[main (root-commit) 3816c8d] hello_world.txtを追加
 1 file changed, 1 insertion(+)
 create mode 100644 hello_world.txt
PS C:\Users\bn897\OneDrive\デスクトップ\git_challenge> git add "C:\Users\bn897\OneDrive\デスクトップ\git_challenge\hello_world.txt"
PS C:\Users\bn897\OneDrive\デスクトップ\git_challenge> git commit -m " 日本語訳を追記"
[main 8f8a9e1] 日本語訳を追記
 1 file changed, 1 insertion(+)
PS C:\Users\bn897\OneDrive\デスクトップ\git_challenge> git log --oneline
8f8a9e1 (HEAD -> main) 日本語訳を追記
3816c8d hello_world.txtを追加
PS C:\Users\bn897\OneDrive\デスクトップ\git_challenge> 