PS C:\Users\bn897\OneDrive\デスクトップ\git_challenge> echo "Hello,world!" >> hello_world.txt
PS C:\Users\bn897\OneDrive\デスクトップ\git_challenge> git init 
Initialized empty Git repository in C:/Users/bn897/OneDrive/デスクトッ プ/git_challenge/.git/
PS C:\Users\bn897\OneDrive\デスクトップ\git_challenge> git add hello_world.txt
PS C:\Users\bn897\OneDrive\デスクトップ\git_challenge> git commit -m "hello_world.txtを追加"
[main (root-commit) 8724edc] hello_world.txtを追加
 1 file changed, 0 insertions(+), 0 deletions(-)
 create mode 100644 hello_world.txt
PS C:\Users\bn897\OneDrive\デスクトップ\git_challenge> echo "こんにちは、世界!" >> hello_world.txt
PS C:\Users\bn897\OneDrive\デスクトップ\git_challenge> git add hello_world.txt
PS C:\Users\bn897\OneDrive\デスクトップ\git_challenge> git commit -m " 日本語訳を追記"
[main dbd2abc] 日本語訳を追記
 1 file changed, 0 insertions(+), 0 deletions(-)
PS C:\Users\bn897\OneDrive\デスクトップ\git_challenge> git log --oneline
dbd2abc (HEAD -> main) 日本語訳を追記
8724edc hello_world.txtを追加